2024-09-11 08:33:19.297  INFO 13428 --- [main] com.example.foods.FoodsApplication       : Starting FoodsApplication using Java 22.0.2 on LAPTOP-NAK54AKP with PID 13428 (C:\Users\Sunny\IdeaProjects\foods\target\classes started by Sunny in C:\Users\Sunny\IdeaProjects\foods)
2024-09-11 08:33:19.309 DEBUG 13428 --- [main] com.example.foods.FoodsApplication       : Running with Spring Boot v2.7.6, Spring v5.3.24
2024-09-11 08:33:19.310  INFO 13428 --- [main] com.example.foods.FoodsApplication       : No active profile set, falling back to 1 default profile: "default"
2024-09-11 08:33:20.172  INFO 13428 --- [main] .s.d.r.c.RepositoryConfigurationDelegate : Bootstrapping Spring Data JDBC repositories in DEFAULT mode.
2024-09-11 08:33:20.189  INFO 13428 --- [main] .s.d.r.c.RepositoryConfigurationDelegate : Finished Spring Data repository scanning in 12 ms. Found 0 JDBC repository interfaces.
2024-09-11 08:33:20.738  INFO 13428 --- [main] o.s.b.w.embedded.tomcat.TomcatWebServer  : Tomcat initialized with port(s): 8080 (http)
2024-09-11 08:33:20.749  INFO 13428 --- [main] o.apache.catalina.core.StandardService   : Starting service [Tomcat]
2024-09-11 08:33:20.749  INFO 13428 --- [main] org.apache.catalina.core.StandardEngine  : Starting Servlet engine: [Apache Tomcat/9.0.69]
2024-09-11 08:33:20.871  INFO 13428 --- [main] o.a.c.c.C.[Tomcat].[localhost].[/]       : Initializing Spring embedded WebApplicationContext
2024-09-11 08:33:20.872  INFO 13428 --- [main] w.s.c.ServletWebServerApplicationContext : Root WebApplicationContext: initialization completed in 1475 ms
2024-09-11 08:33:21.347  INFO 13428 --- [main] o.s.b.a.w.s.WelcomePageHandlerMapping    : Adding welcome page: class path resource [static/index.html]
2024-09-11 08:33:21.476  INFO 13428 --- [main] com.zaxxer.hikari.HikariDataSource       : HikariPool-1 - Starting...
2024-09-11 08:33:21.628  INFO 13428 --- [main] com.zaxxer.hikari.HikariDataSource       : HikariPool-1 - Start completed.
2024-09-11 08:33:21.766  INFO 13428 --- [main] o.s.b.w.embedded.tomcat.TomcatWebServer  : Tomcat started on port(s): 8080 (http) with context path ''
2024-09-11 08:33:21.778  INFO 13428 --- [main] com.example.foods.FoodsApplication       : Started FoodsApplication in 2.962 seconds (JVM running for 3.904)
2024-09-11 08:34:13.736  INFO 13428 --- [http-nio-8080-exec-1] o.a.c.c.C.[Tomcat].[localhost].[/]       : Initializing Spring DispatcherServlet 'dispatcherServlet'
2024-09-11 08:34:13.737  INFO 13428 --- [http-nio-8080-exec-1] o.s.web.servlet.DispatcherServlet        : Initializing Servlet 'dispatcherServlet'
2024-09-11 08:34:13.738  INFO 13428 --- [http-nio-8080-exec-1] o.s.web.servlet.DispatcherServlet        : Completed initialization in 1 ms
2024-09-11 08:34:14.315 DEBUG 13428 --- [http-nio-8080-exec-5] c.e.foods.controller.AdminController     : 生成的验证码:X923
2024-09-11 08:34:21.434 DEBUG 13428 --- [http-nio-8080-exec-7] c.e.foods.controller.AdminController     : 生成的验证码:0I46
2024-09-11 08:34:34.525 DEBUG 13428 --- [http-nio-8080-exec-1] c.e.foods.controller.AdminController     : 生成的验证码:347M
2024-09-11 08:34:40.341 DEBUG 13428 --- [http-nio-8080-exec-9] c.e.f.d.AdminMapper.findByAdminAccount   : ==>  Preparing: SELECT a.`admin_id`, a.`admin_account`, a.`admin_pwd`, a.`real_name`, a.`mobile` FROM t_admins a WHERE a.`del_flag` = 0 AND a.`admin_account` = ?
2024-09-11 08:34:40.372 DEBUG 13428 --- [http-nio-8080-exec-9] c.e.f.d.AdminMapper.findByAdminAccount   : ==> Parameters: admin(String)
2024-09-11 08:34:40.412 DEBUG 13428 --- [http-nio-8080-exec-9] c.e.f.d.AdminMapper.findByAdminAccount   : <==      Total: 0
2024-09-11 08:34:56.238 DEBUG 13428 --- [http-nio-8080-exec-10] c.e.f.d.AdminMapper.findByAdminAccount   : ==>  Preparing: SELECT a.`admin_id`, a.`admin_account`, a.`admin_pwd`, a.`real_name`, a.`mobile` FROM t_admins a WHERE a.`del_flag` = 0 AND a.`admin_account` = ?
2024-09-11 08:34:56.240 DEBUG 13428 --- [http-nio-8080-exec-10] c.e.f.d.AdminMapper.findByAdminAccount   : ==> Parameters: admin(String)
2024-09-11 08:34:56.243 DEBUG 13428 --- [http-nio-8080-exec-10] c.e.f.d.AdminMapper.findByAdminAccount   : <==      Total: 0
2024-09-11 08:37:10.044 DEBUG 13428 --- [http-nio-8080-exec-8] c.e.f.d.AdminMapper.findByAdminAccount   : ==>  Preparing: SELECT a.`admin_id`, a.`admin_account`, a.`admin_pwd`, a.`real_name`, a.`mobile` FROM t_admins a WHERE a.`del_flag` = 0 AND a.`admin_account` = ?
2024-09-11 08:37:10.046 DEBUG 13428 --- [http-nio-8080-exec-8] c.e.f.d.AdminMapper.findByAdminAccount   : ==> Parameters: admin(String)
2024-09-11 08:37:10.060 DEBUG 13428 --- [http-nio-8080-exec-8] c.e.f.d.AdminMapper.findByAdminAccount   : <==      Total: 1
2024-09-11 08:37:14.446 DEBUG 13428 --- [http-nio-8080-exec-2] c.e.foods.controller.AdminController     : 生成的验证码:EY7E
2024-09-11 08:37:21.255 DEBUG 13428 --- [http-nio-8080-exec-7] c.e.f.d.AdminMapper.findByAdminAccount   : ==>  Preparing: SELECT a.`admin_id`, a.`admin_account`, a.`admin_pwd`, a.`real_name`, a.`mobile` FROM t_admins a WHERE a.`del_flag` = 0 AND a.`admin_account` = ?
2024-09-11 08:37:21.256 DEBUG 13428 --- [http-nio-8080-exec-7] c.e.f.d.AdminMapper.findByAdminAccount   : ==> Parameters: admin(String)
2024-09-11 08:37:21.259 DEBUG 13428 --- [http-nio-8080-exec-7] c.e.f.d.AdminMapper.findByAdminAccount   : <==      Total: 1
2024-09-11 08:48:17.396  INFO 13428 --- [SpringApplicationShutdownHook] com.zaxxer.hikari.HikariDataSource       : HikariPool-1 - Shutdown initiated...
2024-09-11 08:48:17.412  INFO 13428 --- [SpringApplicationShutdownHook] com.zaxxer.hikari.HikariDataSource       : HikariPool-1 - Shutdown completed.
2024-09-11 08:48:25.429  INFO 30776 --- [main] com.example.foods.FoodsApplication       : Starting FoodsApplication using Java 22.0.2 on LAPTOP-NAK54AKP with PID 30776 (C:\Users\Sunny\IdeaProjects\foods\target\classes started by Sunny in C:\Users\Sunny\IdeaProjects\foods)
2024-09-11 08:48:25.432 DEBUG 30776 --- [main] com.example.foods.FoodsApplication       : Running with Spring Boot v2.7.6, Spring v5.3.24
2024-09-11 08:48:25.433  INFO 30776 --- [main] com.example.foods.FoodsApplication       : No active profile set, falling back to 1 default profile: "default"
2024-09-11 08:48:26.209  INFO 30776 --- [main] .s.d.r.c.RepositoryConfigurationDelegate : Bootstrapping Spring Data JDBC repositories in DEFAULT mode.
2024-09-11 08:48:26.231  INFO 30776 --- [main] .s.d.r.c.RepositoryConfigurationDelegate : Finished Spring Data repository scanning in 15 ms. Found 0 JDBC repository interfaces.
2024-09-11 08:48:26.784  INFO 30776 --- [main] o.s.b.w.embedded.tomcat.TomcatWebServer  : Tomcat initialized with port(s): 8080 (http)
2024-09-11 08:48:26.794  INFO 30776 --- [main] o.apache.catalina.core.StandardService   : Starting service [Tomcat]
2024-09-11 08:48:26.794  INFO 30776 --- [main] org.apache.catalina.core.StandardEngine  : Starting Servlet engine: [Apache Tomcat/9.0.69]
2024-09-11 08:48:26.926  INFO 30776 --- [main] o.a.c.c.C.[Tomcat].[localhost].[/]       : Initializing Spring embedded WebApplicationContext
2024-09-11 08:48:26.926  INFO 30776 --- [main] w.s.c.ServletWebServerApplicationContext : Root WebApplicationContext: initialization completed in 1432 ms
2024-09-11 08:48:27.346  INFO 30776 --- [main] o.s.b.a.w.s.WelcomePageHandlerMapping    : Adding welcome page: class path resource [static/index.html]
2024-09-11 08:48:27.459  INFO 30776 --- [main] com.zaxxer.hikari.HikariDataSource       : HikariPool-1 - Starting...
2024-09-11 08:48:27.596  INFO 30776 --- [main] com.zaxxer.hikari.HikariDataSource       : HikariPool-1 - Start completed.
2024-09-11 08:48:27.722  INFO 30776 --- [main] o.s.b.w.embedded.tomcat.TomcatWebServer  : Tomcat started on port(s): 8080 (http) with context path ''
2024-09-11 08:48:27.732  INFO 30776 --- [main] com.example.foods.FoodsApplication       : Started FoodsApplication in 2.738 seconds (JVM running for 3.682)
2024-09-11 08:48:41.667  INFO 30776 --- [http-nio-8080-exec-1] o.a.c.c.C.[Tomcat].[localhost].[/]       : Initializing Spring DispatcherServlet 'dispatcherServlet'
2024-09-11 08:48:41.668  INFO 30776 --- [http-nio-8080-exec-1] o.s.web.servlet.DispatcherServlet        : Initializing Servlet 'dispatcherServlet'
2024-09-11 08:48:41.669  INFO 30776 --- [http-nio-8080-exec-1] o.s.web.servlet.DispatcherServlet        : Completed initialization in 1 ms
2024-09-11 08:48:42.187 DEBUG 30776 --- [http-nio-8080-exec-1] c.e.foods.controller.AdminController     : 生成的验证码:7FY0
2024-09-11 08:48:53.272 DEBUG 30776 --- [http-nio-8080-exec-10] c.e.f.d.AdminMapper.findByAdminAccount   : ==>  Preparing: SELECT a.`admin_id`, a.`admin_account`, a.`admin_pwd`, a.`real_name`, a.`mobile` FROM t_admins a WHERE a.`del_flag` = 0 AND a.`admin_account` = ?
2024-09-11 08:48:53.298 DEBUG 30776 --- [http-nio-8080-exec-10] c.e.f.d.AdminMapper.findByAdminAccount   : ==> Parameters: admin(String)
2024-09-11 08:48:53.336 DEBUG 30776 --- [http-nio-8080-exec-10] c.e.f.d.AdminMapper.findByAdminAccount   : <==      Total: 1
2024-09-11 08:51:13.722  INFO 30776 --- [SpringApplicationShutdownHook] com.zaxxer.hikari.HikariDataSource       : HikariPool-1 - Shutdown initiated...
2024-09-11 08:51:13.731  INFO 30776 --- [SpringApplicationShutdownHook] com.zaxxer.hikari.HikariDataSource       : HikariPool-1 - Shutdown completed.
2024-09-11 08:51:20.772  INFO 27764 --- [main] com.example.foods.FoodsApplication       : Starting FoodsApplication using Java 22.0.2 on LAPTOP-NAK54AKP with PID 27764 (C:\Users\Sunny\IdeaProjects\foods\target\classes started by Sunny in C:\Users\Sunny\IdeaProjects\foods)
2024-09-11 08:51:20.775 DEBUG 27764 --- [main] com.example.foods.FoodsApplication       : Running with Spring Boot v2.7.6, Spring v5.3.24
2024-09-11 08:51:20.775  INFO 27764 --- [main] com.example.foods.FoodsApplication       : No active profile set, falling back to 1 default profile: "default"
2024-09-11 08:51:21.541  INFO 27764 --- [main] .s.d.r.c.RepositoryConfigurationDelegate : Bootstrapping Spring Data JDBC repositories in DEFAULT mode.
2024-09-11 08:51:21.562  INFO 27764 --- [main] .s.d.r.c.RepositoryConfigurationDelegate : Finished Spring Data repository scanning in 15 ms. Found 0 JDBC repository interfaces.
2024-09-11 08:51:22.118  INFO 27764 --- [main] o.s.b.w.embedded.tomcat.TomcatWebServer  : Tomcat initialized with port(s): 8080 (http)
2024-09-11 08:51:22.127  INFO 27764 --- [main] o.apache.catalina.core.StandardService   : Starting service [Tomcat]
2024-09-11 08:51:22.128  INFO 27764 --- [main] org.apache.catalina.core.StandardEngine  : Starting Servlet engine: [Apache Tomcat/9.0.69]
2024-09-11 08:51:22.271  INFO 27764 --- [main] o.a.c.c.C.[Tomcat].[localhost].[/]       : Initializing Spring embedded WebApplicationContext
2024-09-11 08:51:22.271  INFO 27764 --- [main] w.s.c.ServletWebServerApplicationContext : Root WebApplicationContext: initialization completed in 1429 ms
2024-09-11 08:51:22.719  INFO 27764 --- [main] o.s.b.a.w.s.WelcomePageHandlerMapping    : Adding welcome page: class path resource [static/index.html]
2024-09-11 08:51:22.841  INFO 27764 --- [main] com.zaxxer.hikari.HikariDataSource       : HikariPool-1 - Starting...
2024-09-11 08:51:22.970  INFO 27764 --- [main] com.zaxxer.hikari.HikariDataSource       : HikariPool-1 - Start completed.
2024-09-11 08:51:23.140  INFO 27764 --- [main] o.s.b.w.embedded.tomcat.TomcatWebServer  : Tomcat started on port(s): 8080 (http) with context path ''
2024-09-11 08:51:23.150  INFO 27764 --- [main] com.example.foods.FoodsApplication       : Started FoodsApplication in 2.779 seconds (JVM running for 3.579)
2024-09-11 08:51:37.792  INFO 27764 --- [http-nio-8080-exec-1] o.a.c.c.C.[Tomcat].[localhost].[/]       : Initializing Spring DispatcherServlet 'dispatcherServlet'
2024-09-11 08:51:37.793  INFO 27764 --- [http-nio-8080-exec-1] o.s.web.servlet.DispatcherServlet        : Initializing Servlet 'dispatcherServlet'
2024-09-11 08:51:37.794  INFO 27764 --- [http-nio-8080-exec-1] o.s.web.servlet.DispatcherServlet        : Completed initialization in 1 ms
2024-09-11 08:51:38.237 DEBUG 27764 --- [http-nio-8080-exec-2] c.e.foods.controller.AdminController     : 生成的验证码:186C
2024-09-11 08:51:42.408 DEBUG 27764 --- [http-nio-8080-exec-5] c.e.foods.controller.AdminController     : 生成的验证码:4NZT
2024-09-11 08:51:49.921 DEBUG 27764 --- [http-nio-8080-exec-4] c.e.f.d.AdminMapper.findByAdminAccount   : ==>  Preparing: SELECT a.`admin_id`, a.`admin_account`, a.`admin_pwd`, a.`real_name`, a.`mobile` FROM t_admins a WHERE a.`del_flag` = 0 AND a.`admin_account` = ?
2024-09-11 08:51:49.953 DEBUG 27764 --- [http-nio-8080-exec-4] c.e.f.d.AdminMapper.findByAdminAccount   : ==> Parameters: admin(String)
2024-09-11 08:51:49.993 DEBUG 27764 --- [http-nio-8080-exec-4] c.e.f.d.AdminMapper.findByAdminAccount   : <==      Total: 1
2024-09-11 08:52:05.006 DEBUG 27764 --- [http-nio-8080-exec-10] c.e.foods.controller.AdminController     : 生成的验证码:68GC
2024-09-11 09:08:04.162  WARN 27764 --- [HikariPool-1 housekeeper] com.zaxxer.hikari.pool.HikariPool        : HikariPool-1 - Thread starvation or clock leap detected (housekeeper delta=2m40s820ms328µs400ns).
2024-09-11 10:49:19.653  WARN 27764 --- [HikariPool-1 housekeeper] com.zaxxer.hikari.pool.HikariPool        : HikariPool-1 - Thread starvation or clock leap detected (housekeeper delta=44m44s579ms776µs800ns).
2024-09-11 11:32:05.911  WARN 27764 --- [HikariPool-1 housekeeper] com.zaxxer.hikari.pool.HikariPool        : HikariPool-1 - Thread starvation or clock leap detected (housekeeper delta=1m45s705ms376µs700ns).
2024-09-11 11:50:10.624  INFO 27764 --- [SpringApplicationShutdownHook] com.zaxxer.hikari.HikariDataSource       : HikariPool-1 - Shutdown initiated...
2024-09-11 11:50:10.645  INFO 27764 --- [SpringApplicationShutdownHook] com.zaxxer.hikari.HikariDataSource       : HikariPool-1 - Shutdown completed.
2024-09-11 11:50:17.479  INFO 19076 --- [main] com.example.foods.FoodsApplication       : Starting FoodsApplication using Java 22.0.2 on LAPTOP-NAK54AKP with PID 19076 (C:\Users\Sunny\IdeaProjects\foods\target\classes started by Sunny in C:\Users\Sunny\IdeaProjects\foods)
2024-09-11 11:50:17.481 DEBUG 19076 --- [main] com.example.foods.FoodsApplication       : Running with Spring Boot v2.7.6, Spring v5.3.24
2024-09-11 11:50:17.482  INFO 19076 --- [main] com.example.foods.FoodsApplication       : No active profile set, falling back to 1 default profile: "default"
2024-09-11 11:50:18.137  INFO 19076 --- [main] .s.d.r.c.RepositoryConfigurationDelegate : Bootstrapping Spring Data JDBC repositories in DEFAULT mode.
2024-09-11 11:50:18.156  INFO 19076 --- [main] .s.d.r.c.RepositoryConfigurationDelegate : Finished Spring Data repository scanning in 13 ms. Found 0 JDBC repository interfaces.
2024-09-11 11:50:18.633  INFO 19076 --- [main] o.s.b.w.embedded.tomcat.TomcatWebServer  : Tomcat initialized with port(s): 8080 (http)
2024-09-11 11:50:18.644  INFO 19076 --- [main] o.apache.catalina.core.StandardService   : Starting service [Tomcat]
2024-09-11 11:50:18.644  INFO 19076 --- [main] org.apache.catalina.core.StandardEngine  : Starting Servlet engine: [Apache Tomcat/9.0.69]
2024-09-11 11:50:18.763  INFO 19076 --- [main] o.a.c.c.C.[Tomcat].[localhost].[/]       : Initializing Spring embedded WebApplicationContext
2024-09-11 11:50:18.763  INFO 19076 --- [main] w.s.c.ServletWebServerApplicationContext : Root WebApplicationContext: initialization completed in 1228 ms
2024-09-11 11:50:19.173  INFO 19076 --- [main] o.s.b.a.w.s.WelcomePageHandlerMapping    : Adding welcome page: class path resource [static/index.html]
2024-09-11 11:50:19.288  INFO 19076 --- [main] com.zaxxer.hikari.HikariDataSource       : HikariPool-1 - Starting...
2024-09-11 11:50:19.411  INFO 19076 --- [main] com.zaxxer.hikari.HikariDataSource       : HikariPool-1 - Start completed.
2024-09-11 11:50:19.532  INFO 19076 --- [main] o.s.b.w.embedded.tomcat.TomcatWebServer  : Tomcat started on port(s): 8080 (http) with context path ''
2024-09-11 11:50:19.542  INFO 19076 --- [main] com.example.foods.FoodsApplication       : Started FoodsApplication in 2.446 seconds (JVM running for 3.11)
2024-09-11 11:50:31.351  INFO 19076 --- [http-nio-8080-exec-1] o.a.c.c.C.[Tomcat].[localhost].[/]       : Initializing Spring DispatcherServlet 'dispatcherServlet'
2024-09-11 11:50:31.351  INFO 19076 --- [http-nio-8080-exec-1] o.s.web.servlet.DispatcherServlet        : Initializing Servlet 'dispatcherServlet'
2024-09-11 11:50:31.352  INFO 19076 --- [http-nio-8080-exec-1] o.s.web.servlet.DispatcherServlet        : Completed initialization in 0 ms
2024-09-11 11:50:38.753 DEBUG 19076 --- [http-nio-8080-exec-6] c.e.foods.controller.AdminController     : 生成的验证码:35KX
2024-09-11 11:50:43.611 DEBUG 19076 --- [http-nio-8080-exec-9] c.e.f.d.AdminMapper.findByAdminAccount   : ==>  Preparing: SELECT a.`admin_id`, a.`admin_account`, a.`admin_pwd`, a.`real_name`, a.`mobile` FROM t_admins a WHERE a.`del_flag` = 0 AND a.`admin_account` = ?
2024-09-11 11:50:43.630 DEBUG 19076 --- [http-nio-8080-exec-9] c.e.f.d.AdminMapper.findByAdminAccount   : ==> Parameters: admin(String)
2024-09-11 11:50:43.660 DEBUG 19076 --- [http-nio-8080-exec-9] c.e.f.d.AdminMapper.findByAdminAccount   : <==      Total: 1
2024-09-11 11:51:42.620  INFO 19076 --- [SpringApplicationShutdownHook] com.zaxxer.hikari.HikariDataSource       : HikariPool-1 - Shutdown initiated...
2024-09-11 11:51:42.626  INFO 19076 --- [SpringApplicationShutdownHook] com.zaxxer.hikari.HikariDataSource       : HikariPool-1 - Shutdown completed.
2024-09-11 11:51:45.691  INFO 48496 --- [main] com.example.foods.FoodsApplication       : Starting FoodsApplication using Java 22.0.2 on LAPTOP-NAK54AKP with PID 48496 (C:\Users\Sunny\IdeaProjects\foods\target\classes started by Sunny in C:\Users\Sunny\IdeaProjects\foods)
2024-09-11 11:51:45.693 DEBUG 48496 --- [main] com.example.foods.FoodsApplication       : Running with Spring Boot v2.7.6, Spring v5.3.24
2024-09-11 11:51:45.694  INFO 48496 --- [main] com.example.foods.FoodsApplication       : No active profile set, falling back to 1 default profile: "default"
2024-09-11 11:51:46.218  INFO 48496 --- [main] .s.d.r.c.RepositoryConfigurationDelegate : Bootstrapping Spring Data JDBC repositories in DEFAULT mode.
2024-09-11 11:51:46.230  INFO 48496 --- [main] .s.d.r.c.RepositoryConfigurationDelegate : Finished Spring Data repository scanning in 9 ms. Found 0 JDBC repository interfaces.
2024-09-11 11:51:46.654  INFO 48496 --- [main] o.s.b.w.embedded.tomcat.TomcatWebServer  : Tomcat initialized with port(s): 8080 (http)
2024-09-11 11:51:46.664  INFO 48496 --- [main] o.apache.catalina.core.StandardService   : Starting service [Tomcat]
2024-09-11 11:51:46.665  INFO 48496 --- [main] org.apache.catalina.core.StandardEngine  : Starting Servlet engine: [Apache Tomcat/9.0.69]
2024-09-11 11:51:46.785  INFO 48496 --- [main] o.a.c.c.C.[Tomcat].[localhost].[/]       : Initializing Spring embedded WebApplicationContext
2024-09-11 11:51:46.785  INFO 48496 --- [main] w.s.c.ServletWebServerApplicationContext : Root WebApplicationContext: initialization completed in 1045 ms
2024-09-11 11:51:47.177  INFO 48496 --- [main] o.s.b.a.w.s.WelcomePageHandlerMapping    : Adding welcome page: class path resource [static/index.html]
2024-09-11 11:51:47.283  INFO 48496 --- [main] com.zaxxer.hikari.HikariDataSource       : HikariPool-1 - Starting...
2024-09-11 11:51:47.390  INFO 48496 --- [main] com.zaxxer.hikari.HikariDataSource       : HikariPool-1 - Start completed.
2024-09-11 11:51:47.500  INFO 48496 --- [main] o.s.b.w.embedded.tomcat.TomcatWebServer  : Tomcat started on port(s): 8080 (http) with context path ''
2024-09-11 11:51:47.509  INFO 48496 --- [main] com.example.foods.FoodsApplication       : Started FoodsApplication in 2.178 seconds (JVM running for 2.867)
2024-09-11 11:51:52.832  INFO 48496 --- [http-nio-8080-exec-1] o.a.c.c.C.[Tomcat].[localhost].[/]       : Initializing Spring DispatcherServlet 'dispatcherServlet'
2024-09-11 11:51:52.832  INFO 48496 --- [http-nio-8080-exec-1] o.s.web.servlet.DispatcherServlet        : Initializing Servlet 'dispatcherServlet'
2024-09-11 11:51:52.833  INFO 48496 --- [http-nio-8080-exec-1] o.s.web.servlet.DispatcherServlet        : Completed initialization in 1 ms
2024-09-11 11:51:52.991 DEBUG 48496 --- [http-nio-8080-exec-2] c.e.foods.controller.AdminController     : 生成的验证码:7XQT
2024-09-11 11:52:01.345 DEBUG 48496 --- [http-nio-8080-exec-5] c.e.f.d.AdminMapper.findByAdminAccount   : ==>  Preparing: SELECT a.`admin_id`, a.`admin_account`, a.`admin_pwd`, a.`real_name`, a.`mobile` FROM t_admins a WHERE a.`del_flag` = 0 AND a.`admin_account` = ?
2024-09-11 11:52:01.364 DEBUG 48496 --- [http-nio-8080-exec-5] c.e.f.d.AdminMapper.findByAdminAccount   : ==> Parameters: admin(String)
2024-09-11 11:52:01.386 DEBUG 48496 --- [http-nio-8080-exec-5] c.e.f.d.AdminMapper.findByAdminAccount   : <==      Total: 1
2024-09-11 11:52:26.918 DEBUG 48496 --- [http-nio-8080-exec-6] c.e.foods.controller.AdminController     : 生成的验证码:HH9Y
2024-09-11 11:52:39.986 DEBUG 48496 --- [http-nio-8080-exec-5] c.e.f.d.AdminMapper.findByAdminAccount   : ==>  Preparing: SELECT a.`admin_id`, a.`admin_account`, a.`admin_pwd`, a.`real_name`, a.`mobile` FROM t_admins a WHERE a.`del_flag` = 0 AND a.`admin_account` = ?
2024-09-11 11:52:39.987 DEBUG 48496 --- [http-nio-8080-exec-5] c.e.f.d.AdminMapper.findByAdminAccount   : ==> Parameters: admin(String)
2024-09-11 11:52:39.988 DEBUG 48496 --- [http-nio-8080-exec-5] c.e.f.d.AdminMapper.findByAdminAccount   : <==      Total: 1
2024-09-11 11:53:19.301 DEBUG 48496 --- [http-nio-8080-exec-10] c.e.f.d.AdminMapper.findByAdminAccount   : ==>  Preparing: SELECT a.`admin_id`, a.`admin_account`, a.`admin_pwd`, a.`real_name`, a.`mobile` FROM t_admins a WHERE a.`del_flag` = 0 AND a.`admin_account` = ?
2024-09-11 11:53:19.302 DEBUG 48496 --- [http-nio-8080-exec-10] c.e.f.d.AdminMapper.findByAdminAccount   : ==> Parameters: admin(String)
2024-09-11 11:53:19.303 DEBUG 48496 --- [http-nio-8080-exec-10] c.e.f.d.AdminMapper.findByAdminAccount   : <==      Total: 1
2024-09-11 12:02:32.784  WARN 48496 --- [HikariPool-1 housekeeper] com.zaxxer.hikari.pool.HikariPool        : HikariPool-1 - Thread starvation or clock leap detected (housekeeper delta=8m15s253ms422µs600ns).
2024-09-11 14:07:41.033  INFO 48496 --- [SpringApplicationShutdownHook] com.zaxxer.hikari.HikariDataSource       : HikariPool-1 - Shutdown initiated...
2024-09-11 14:07:41.036  INFO 48496 --- [SpringApplicationShutdownHook] com.zaxxer.hikari.HikariDataSource       : HikariPool-1 - Shutdown completed.
